
> frontend@0.0.0 test
> vitest --run

✅ [Vite Config] Loaded API URL: http://localhost:3500/api

[1m[46m RUN [49m[22m [36mv4.0.15 [39m[90m/Users/andydev/game manager v0/frontend[39m

[90mstderr[2m | src/pages/CheckoutPage.test.tsx[2m > [22m[2mCheckoutPage[2m > [22m[2mshould handle purchase failure
[22m[39mPurchase failed: Error: Failed
    at [90m/Users/andydev/game manager v0/frontend/[39msrc/pages/CheckoutPage.test.tsx:179:23
    at Mock [90m(file:///Users/andydev/game%20manager%20v0/frontend/[39mnode_modules/[4m@vitest/spy[24m/dist/index.js:285:34[90m)[39m
    at handlePurchase [90m(/Users/andydev/game manager v0/frontend/[39msrc/pages/CheckoutPage.tsx:63:5[90m)[39m
    at HTMLUnknownElement.callCallback [90m(/Users/andydev/game manager v0/frontend/[39mnode_modules/[4mreact-dom[24m/cjs/react-dom.development.js:4164:14[90m)[39m
    at HTMLUnknownElement.callTheUserObjectsOperation [90m(/Users/andydev/game manager v0/frontend/[39mnode_modules/[4mjsdom[24m/lib/jsdom/living/generated/EventListener.js:26:30[90m)[39m
    at innerInvokeEventListeners [90m(/Users/andydev/game manager v0/frontend/[39mnode_modules/[4mjsdom[24m/lib/jsdom/living/events/EventTarget-impl.js:360:16[90m)[39m
    at invokeEventListeners [90m(/Users/andydev/game manager v0/frontend/[39mnode_modules/[4mjsdom[24m/lib/jsdom/living/events/EventTarget-impl.js:296:3[90m)[39m
    at HTMLUnknownElementImpl._dispatch [90m(/Users/andydev/game manager v0/frontend/[39mnode_modules/[4mjsdom[24m/lib/jsdom/living/events/EventTarget-impl.js:243:9[90m)[39m
    at HTMLUnknownElementImpl.dispatchEvent [90m(/Users/andydev/game manager v0/frontend/[39mnode_modules/[4mjsdom[24m/lib/jsdom/living/events/EventTarget-impl.js:114:17[90m)[39m
    at HTMLUnknownElement.dispatchEvent [90m(/Users/andydev/game manager v0/frontend/[39mnode_modules/[4mjsdom[24m/lib/jsdom/living/generated/EventTarget.js:241:34[90m)[39m

 [32m✓[39m src/pages/CheckoutPage.test.tsx [2m([22m[2m5 tests[22m[2m)[22m[32m 113[2mms[22m[39m
 [32m✓[39m src/features/games/components/CatalogControls.test.tsx [2m([22m[2m6 tests[22m[2m)[22m[33m 454[2mms[22m[39m
[90mstderr[2m | src/features/auth/pages/LoginPage.test.tsx[2m > [22m[2mLoginPage[2m > [22m[2mrenders login form
[22m[39mreact-i18next:: useTranslation: You will need to pass in an i18next instance by using initReactI18next { code: [32m'NO_I18NEXT_INSTANCE'[39m }

 [32m✓[39m src/features/auth/pages/LoginPage.test.tsx [2m([22m[2m2 tests[22m[2m)[22m[33m 420[2mms[22m[39m
     [33m[2m✓[22m[39m renders login form [33m 324[2mms[22m[39m
[90mstderr[2m | src/features/auth/pages/RegisterPage.test.tsx[2m > [22m[2mRegisterPage[2m > [22m[2mshould handle registration error from backend
[22m[39mError: Email used
    at [90m/Users/andydev/game manager v0/frontend/[39msrc/features/auth/pages/RegisterPage.test.tsx:125:40
    at [90mfile:///Users/andydev/game%20manager%20v0/frontend/[39mnode_modules/[4m@vitest/runner[24m/dist/index.js:145:11
    at [90mfile:///Users/andydev/game%20manager%20v0/frontend/[39mnode_modules/[4m@vitest/runner[24m/dist/index.js:915:26
    at [90mfile:///Users/andydev/game%20manager%20v0/frontend/[39mnode_modules/[4m@vitest/runner[24m/dist/index.js:1240:20
    at new Promise (<anonymous>)
    at runWithTimeout [90m(file:///Users/andydev/game%20manager%20v0/frontend/[39mnode_modules/[4m@vitest/runner[24m/dist/index.js:1206:10[90m)[39m
    at [90mfile:///Users/andydev/game%20manager%20v0/frontend/[39mnode_modules/[4m@vitest/runner[24m/dist/index.js:1650:37
    at Traces.$ [90m(file:///Users/andydev/game%20manager%20v0/frontend/[39mnode_modules/[4mvitest[24m/dist/chunks/traces.U4xDYhzZ.js:115:27[90m)[39m
    at trace [90m(file:///Users/andydev/game%20manager%20v0/frontend/[39mnode_modules/[4mvitest[24m/dist/chunks/test.BT8LKgU9.js:239:21[90m)[39m
    at runTest [90m(file:///Users/andydev/game%20manager%20v0/frontend/[39mnode_modules/[4m@vitest/runner[24m/dist/index.js:1650:12[90m)[39m

 [32m✓[39m src/features/auth/pages/RegisterPage.test.tsx [2m([22m[2m4 tests[22m[2m)[22m[33m 499[2mms[22m[39m
 [32m✓[39m src/features/profile/components/ChangePasswordModal.test.tsx [2m([22m[2m9 tests[22m[2m)[22m[33m 718[2mms[22m[39m
     [33m[2m✓[22m[39m should render modal when isOpen is true [33m 444[2mms[22m[39m
 [32m✓[39m src/features/wishlist/WishlistContext.test.tsx [2m([22m[2m4 tests[22m[2m)[22m[32m 105[2mms[22m[39m
 [32m✓[39m src/pages/GameDetails.test.tsx [2m([22m[2m5 tests[22m[2m)[22m[33m 789[2mms[22m[39m
     [33m[2m✓[22m[39m should disable actions in Guest Mode [33m 459[2mms[22m[39m
 [32m✓[39m src/pages/LibraryPage.test.tsx [2m([22m[2m3 tests[22m[2m)[22m[32m 89[2mms[22m[39m
 [32m✓[39m src/services/api.contract.test.ts [2m([22m[2m3 tests[22m[2m)[22m[32m 232[2mms[22m[39m
 [32m✓[39m src/features/auth/AuthContext.test.tsx [2m([22m[2m5 tests[22m[2m)[22m[33m 307[2mms[22m[39m
 [32m✓[39m src/features/cart/CartContext.test.tsx [2m([22m[2m5 tests[22m[2m)[22m[33m 342[2mms[22m[39m
Error: Test Error
    at ThrowError (/Users/andydev/game manager v0/frontend/src/components/ErrorBoundary.test.tsx:12:9)
    at renderWithHooks (/Users/andydev/game manager v0/frontend/node_modules/react-dom/cjs/react-dom.development.js:15486:18)
    at mountIndeterminateComponent (/Users/andydev/game manager v0/frontend/node_modules/react-dom/cjs/react-dom.development.js:20103:13)
    at beginWork (/Users/andydev/game manager v0/frontend/node_modules/react-dom/cjs/react-dom.development.js:21626:16)
    at HTMLUnknownElement.callCallback (/Users/andydev/game manager v0/frontend/node_modules/react-dom/cjs/react-dom.development.js:4164:14)
    at HTMLUnknownElement.callTheUserObjectsOperation (/Users/andydev/game manager v0/frontend/node_modules/jsdom/lib/jsdom/living/generated/EventListener.js:26:30)
    at innerInvokeEventListeners (/Users/andydev/game manager v0/frontend/node_modules/jsdom/lib/jsdom/living/events/EventTarget-impl.js:360:16)
    at invokeEventListeners (/Users/andydev/game manager v0/frontend/node_modules/jsdom/lib/jsdom/living/events/EventTarget-impl.js:296:3)
    at HTMLUnknownElementImpl._dispatch (/Users/andydev/game manager v0/frontend/node_modules/jsdom/lib/jsdom/living/events/EventTarget-impl.js:243:9)
    at HTMLUnknownElementImpl.dispatchEvent (/Users/andydev/game manager v0/frontend/node_modules/jsdom/lib/jsdom/living/events/EventTarget-impl.js:114:17)
Error: Test Error
    at ThrowError (/Users/andydev/game manager v0/frontend/src/components/ErrorBoundary.test.tsx:12:9)
    at renderWithHooks (/Users/andydev/game manager v0/frontend/node_modules/react-dom/cjs/react-dom.development.js:15486:18)
    at mountIndeterminateComponent (/Users/andydev/game manager v0/frontend/node_modules/react-dom/cjs/react-dom.development.js:20103:13)
    at beginWork (/Users/andydev/game manager v0/frontend/node_modules/react-dom/cjs/react-dom.development.js:21626:16)
    at HTMLUnknownElement.callCallback (/Users/andydev/game manager v0/frontend/node_modules/react-dom/cjs/react-dom.development.js:4164:14)
    at HTMLUnknownElement.callTheUserObjectsOperation (/Users/andydev/game manager v0/frontend/node_modules/jsdom/lib/jsdom/living/generated/EventListener.js:26:30)
    at innerInvokeEventListeners (/Users/andydev/game manager v0/frontend/node_modules/jsdom/lib/jsdom/living/events/EventTarget-impl.js:360:16)
    at invokeEventListeners (/Users/andydev/game manager v0/frontend/node_modules/jsdom/lib/jsdom/living/events/EventTarget-impl.js:296:3)
    at HTMLUnknownElementImpl._dispatch (/Users/andydev/game manager v0/frontend/node_modules/jsdom/lib/jsdom/living/events/EventTarget-impl.js:243:9)
    at HTMLUnknownElementImpl.dispatchEvent (/Users/andydev/game manager v0/frontend/node_modules/jsdom/lib/jsdom/living/events/EventTarget-impl.js:114:17)
 [32m✓[39m src/components/ErrorBoundary.test.tsx [2m([22m[2m2 tests[22m[2m)[22m[32m 53[2mms[22m[39m
 [32m✓[39m src/utils/format.test.ts [2m([22m[2m3 tests[22m[2m)[22m[32m 25[2mms[22m[39m
 [32m✓[39m src/components/ui/Button.test.tsx [2m([22m[2m4 tests[22m[2m)[22m[32m 28[2mms[22m[39m
 [32m✓[39m src/features/auth/schemas.test.ts [2m([22m[2m10 tests[22m[2m)[22m[32m 6[2mms[22m[39m

[31m⎯⎯⎯⎯⎯⎯[39m[1m[41m Failed Suites 1 [49m[22m[31m⎯⎯⎯⎯⎯⎯⎯[39m

[41m[1m FAIL [22m[49m src/routes/ProtectedRoute.test.tsx[2m [ src/routes/ProtectedRoute.test.tsx ][22m
[31m[1mError[22m: Failed to resolve import "../features/auth/useAuth" from "src/routes/ProtectedRoute.test.tsx". Does the file exist?[39m
  Plugin: [35mvite:import-analysis[39m
  File: [36m/Users/andydev/game manager v0/frontend/src/routes/ProtectedRoute.test.tsx[39m:11:0
[33m  11 |  const __vi_import_2__ = await import("react-router-dom");
  12 |  const __vi_import_3__ = await import("./ProtectedRoute");
  13 |  const __vi_import_4__ = await import("../features/auth/useAuth");
     |                                       ^
  14 |  
  15 |  [39m
[90m [2m❯[22m TransformPluginContext._formatLog ../../game%20manager%20v0/frontend/node_modules/vite/dist/node/chunks/config.js:[2m28998:43[22m[39m
[90m [2m❯[22m TransformPluginContext.error ../../game%20manager%20v0/frontend/node_modules/vite/dist/node/chunks/config.js:[2m28995:14[22m[39m
[90m [2m❯[22m normalizeUrl ../../game%20manager%20v0/frontend/node_modules/vite/dist/node/chunks/config.js:[2m27118:18[22m[39m
[90m [2m❯[22m ../../game%20manager%20v0/frontend/node_modules/vite/dist/node/chunks/config.js:[2m27176:32[22m[39m
[90m [2m❯[22m TransformPluginContext.transform ../../game%20manager%20v0/frontend/node_modules/vite/dist/node/chunks/config.js:[2m27144:4[22m[39m
[90m [2m❯[22m EnvironmentPluginContainer.transform ../../game%20manager%20v0/frontend/node_modules/vite/dist/node/chunks/config.js:[2m28796:14[22m[39m
[90m [2m❯[22m loadAndTransform ../../game%20manager%20v0/frontend/node_modules/vite/dist/node/chunks/config.js:[2m22669:26[22m[39m

[31m[2m⎯⎯⎯⎯⎯⎯⎯⎯⎯⎯⎯⎯⎯⎯⎯⎯⎯⎯⎯⎯⎯⎯⎯⎯[1/1]⎯[22m[39m


[2m Test Files [22m [1m[31m1 failed[39m[22m[2m | [22m[1m[32m15 passed[39m[22m[90m (16)[39m
[2m      Tests [22m [1m[32m70 passed[39m[22m[90m (70)[39m
[2m   Start at [22m 17:11:35
[2m   Duration [22m 5.87s[2m (transform 1.87s, setup 3.45s, import 5.94s, tests 4.18s, environment 18.57s)[22m

